// Jest Snapshot v1, https://goo.gl/fbAQLP

exports[`Link changes the class when hovered 1`] = `
<header
  className="border-b flex px-6 py-2 items-center flex-row channel-header"
>
  <div
    className="flex-1"
  >
    <h3
      className="text-gray-800 mb-1 font-extrabold channel-header__title"
    >
      <span
        aria-hidden="true"
      >
        #
      </span>
      Recruiting channel
    </h3>
    <h4
      className="text-gray-600 text-sm truncate channel-header__description"
    >
      Find a job here!
    </h4>
  </div>
</header>
`;
